 [used for debug] 3:"GoOutOfScope(s)"
 [used for debug] 1:"InitRefParam(s)"
 [used for debug] 2:"PassByStaticReference(s->println())"
 [used for debug] 9:"GoOutOfScope(my_str)"
 [used for debug] 9:"GoOutOfScope(my_string)"
 [used for debug] 6:"Move(String::from()->my_string)"
 [used for debug] 8:"PassByStaticReference(my_str->print_str())"
 [used for debug] 7:"StaticBorrow(my_string->my_str)"
 [used for debug] 8:"StaticDie(my_str->my_string)"
/* --- BEGIN Variable Definitions ---
Function String::from();
Function print_str();
Function println();
Owner Not my_string;
StaticRef Not my_str;
StaticRef Not s;
--- END Variable Definitions --- */
