 [used for debug] 2:"Bind(x)"
 [used for debug] 7:"Bind(x)"
 [used for debug] 4:"Bind(x)"
 [used for debug] 9:"GoOutOfScope(x)"
 [used for debug] 7:"Move(x->None)"
 [used for debug] 4:"Move(x->None)"
 [used for debug] 8:"PassByStaticReference(x->println())"
 [used for debug] 11:"PassByStaticReference(x->println())"
/* --- BEGIN Variable Definitions ---
Function println();
Owner Not x;
--- END Variable Definitions --- */
