 [used for debug] 3:"GoOutOfScope(x)"
 [used for debug] 1:"InitRefParam(x)"
 [used for debug] 2:"Move(x->None)"
 [used for debug] 2:"Move(x->None)"
 [used for debug] 6:"Bind(num)"
 [used for debug] 7:"Copy(square()->result)"
 [used for debug] 9:"GoOutOfScope(num)"
 [used for debug] 9:"GoOutOfScope(result)"
 [used for debug] 8:"PassByStaticReference(num->println())"
 [used for debug] 7:"PassByStaticReference(num->square())"
 [used for debug] 8:"PassByStaticReference(result->println())"
/* --- BEGIN Variable Definitions ---
Function println();
Function square();
Owner Not num;
Owner Not result;
StaticRef Not x;
--- END Variable Definitions --- */
